2026-06-03 02:56:49.379 -07:00 [INF] Now listening on: http://localhost:5005
2026-06-03 02:56:49.393 -07:00 [INF] Application started. Press Ctrl+C to shut down.
2026-06-03 02:56:49.393 -07:00 [INF] Hosting environment: Development
2026-06-03 02:56:49.393 -07:00 [INF] Content root path: D:\La-Fabrica-de-Software\new project(vpn)\src\SecureAccess.Web
2026-06-03 03:05:31.572 -07:00 [INF] Now listening on: http://localhost:5005
2026-06-03 03:05:31.585 -07:00 [INF] Application started. Press Ctrl+C to shut down.
2026-06-03 03:05:31.585 -07:00 [INF] Hosting environment: Development
2026-06-03 03:05:31.586 -07:00 [INF] Content root path: D:\La-Fabrica-de-Software\new project(vpn)\src\SecureAccess.Web
2026-06-03 03:06:45.535 -07:00 [WRN] Failed to determine the https port for redirect.
2026-06-03 03:06:45.550 -07:00 [INF] HTTP GET / responded 302 in 15.3961 ms
2026-06-03 03:06:45.616 -07:00 [INF] HTTP GET /login responded 200 in 61.6009 ms
2026-06-03 03:06:45.624 -07:00 [INF] HTTP GET /SecureAccess.Web.styles.css responded 200 in 2.8211 ms
2026-06-03 03:06:45.625 -07:00 [INF] HTTP GET /app.css responded 200 in 2.8279 ms
2026-06-03 03:06:45.627 -07:00 [INF] HTTP GET /bootstrap/bootstrap.min.css responded 200 in 5.7313 ms
2026-06-03 03:06:45.629 -07:00 [INF] HTTP GET /_framework/blazor.web.js responded 200 in 7.9072 ms
2026-06-03 03:07:01.217 -07:00 [WRN] Compiling a query which loads related collections for more than one collection navigation, either via 'Include' or through projection, but no 'QuerySplittingBehavior' has been configured. By default, Entity Framework will use 'QuerySplittingBehavior.SingleQuery', which can potentially result in slow query performance. See https://go.microsoft.com/fwlink/?linkid=2134277 for more information. To identify the query that's triggering this warning call 'ConfigureWarnings(w => w.Throw(RelationalEventId.MultipleCollectionIncludeWarning))'.
2026-06-03 03:07:01.480 -07:00 [INF] HTTP POST /account/login responded 302 in 298.3864 ms
2026-06-03 03:07:01.513 -07:00 [INF] HTTP GET /change-password responded 200 in 31.1324 ms
2026-06-03 03:07:01.518 -07:00 [INF] HTTP GET /_framework/blazor.web.js responded 304 in 0.7632 ms
2026-06-03 03:07:01.536 -07:00 [INF] HTTP GET /_blazor/initializers responded 200 in 1.2575 ms
2026-06-03 03:07:01.545 -07:00 [INF] HTTP POST /_blazor/negotiate responded 200 in 3.9354 ms
2026-06-03 03:07:04.038 -07:00 [WRN] Generated a new random AES-256 credential master key at D:\La-Fabrica-de-Software\new project(vpn)\src\SecureAccess.Web\App_Data\keys\credential-master.key. Back up this file.
2026-06-03 03:07:04.126 -07:00 [INF] HTTP GET /credentials responded 200 in 93.2848 ms
2026-06-03 04:07:31.064 -07:00 [INF] HTTP GET /credential-types responded 302 in 0.9785 ms
2026-06-03 04:07:31.066 -07:00 [INF] HTTP GET /login responded 200 in 0.8473 ms
2026-06-03 04:07:33.078 -07:00 [INF] HTTP GET /_blazor responded 101 in 3631531.2749 ms
2026-06-03 04:07:33.080 -07:00 [INF] HTTP POST /_blazor/disconnect responded 200 in 4.5179 ms
2026-06-03 04:20:20.197 -07:00 [INF] HTTP GET / responded 302 in 0.4604 ms
2026-06-03 04:20:20.200 -07:00 [INF] HTTP GET /login responded 200 in 0.9475 ms
2026-06-03 04:20:20.223 -07:00 [INF] HTTP GET /app.css responded 200 in 0.7322 ms
2026-06-03 04:20:20.223 -07:00 [INF] HTTP GET /bootstrap/bootstrap.min.css responded 200 in 1.3745 ms
2026-06-03 04:20:20.223 -07:00 [INF] HTTP GET /SecureAccess.Web.styles.css responded 200 in 0.1883 ms
2026-06-03 04:20:20.224 -07:00 [INF] HTTP GET /_framework/blazor.web.js responded 200 in 0.7034 ms
2026-06-03 04:20:20.241 -07:00 [INF] HTTP GET /favicon.png responded 200 in 1.0264 ms
2026-06-03 04:20:35.999 -07:00 [INF] HTTP POST /account/login responded 302 in 844.5913 ms
2026-06-03 04:20:36.003 -07:00 [INF] HTTP GET /change-password responded 200 in 0.9765 ms
2026-06-03 04:20:36.019 -07:00 [INF] HTTP GET /_framework/blazor.web.js responded 304 in 0.2912 ms
2026-06-03 04:20:36.043 -07:00 [INF] HTTP GET /_blazor/initializers responded 200 in 0.3340 ms
2026-06-03 04:20:36.053 -07:00 [INF] HTTP POST /_blazor/negotiate responded 200 in 0.4172 ms
2026-06-03 04:20:41.813 -07:00 [INF] HTTP GET / responded 200 in 78.6786 ms
2026-06-03 04:20:45.097 -07:00 [INF] HTTP GET /request-access responded 200 in 10.2630 ms
2026-06-03 04:20:45.862 -07:00 [INF] HTTP GET /clients responded 200 in 6.8577 ms
2026-06-03 04:20:48.566 -07:00 [INF] HTTP GET /machines responded 200 in 14.9276 ms
2026-06-03 04:20:49.187 -07:00 [INF] HTTP GET /credentials responded 200 in 12.3982 ms
2026-06-03 04:20:50.062 -07:00 [INF] HTTP GET /credential-types responded 200 in 14.2174 ms
2026-06-03 04:20:50.486 -07:00 [INF] HTTP GET /templates responded 200 in 23.3926 ms
2026-06-03 04:20:50.977 -07:00 [INF] HTTP GET /credential-types responded 200 in 3.8567 ms
2026-06-03 04:20:55.328 -07:00 [INF] HTTP GET /templates responded 200 in 6.9841 ms
2026-06-03 04:20:55.906 -07:00 [INF] HTTP GET /bulk responded 200 in 11.3523 ms
2026-06-03 04:21:02.453 -07:00 [INF] HTTP GET /audit responded 200 in 22.4568 ms
2026-06-03 04:21:02.747 -07:00 [INF] HTTP GET /reports responded 200 in 4.2583 ms
2026-06-03 04:21:03.588 -07:00 [INF] HTTP GET /audit responded 200 in 5.1807 ms
2026-06-03 04:21:04.624 -07:00 [INF] HTTP GET /users responded 200 in 33.1773 ms
2026-06-03 04:21:13.519 -07:00 [INF] HTTP GET /roles responded 200 in 15.0676 ms
2026-06-03 04:21:16.257 -07:00 [INF] HTTP GET /change-password responded 200 in 1.6336 ms
2026-06-03 04:21:26.574 -07:00 [INF] HTTP POST /account/logout responded 302 in 110.9281 ms
2026-06-03 04:21:26.577 -07:00 [INF] HTTP GET /login responded 200 in 0.9050 ms
2026-06-03 04:21:26.581 -07:00 [INF] HTTP POST /_blazor/disconnect responded 200 in 0.8963 ms
2026-06-03 04:21:26.584 -07:00 [INF] HTTP GET /_blazor responded 101 in 50527.2928 ms
2026-06-03 04:21:26.594 -07:00 [INF] HTTP GET /_framework/blazor.web.js responded 304 in 0.2146 ms
2026-06-03 04:30:51.699 -07:00 [INF] HTTP POST /account/login responded 302 in 138.4701 ms
2026-06-03 04:30:51.702 -07:00 [INF] HTTP GET /change-password responded 200 in 0.9162 ms
2026-06-03 04:30:51.721 -07:00 [INF] HTTP GET /_framework/blazor.web.js responded 304 in 0.3667 ms
2026-06-03 04:30:51.727 -07:00 [INF] HTTP GET /_blazor/initializers responded 200 in 0.1737 ms
2026-06-03 04:30:51.731 -07:00 [INF] HTTP POST /_blazor/negotiate responded 200 in 0.3529 ms
2026-06-03 04:31:20.918 -07:00 [INF] HTTP POST /account/logout responded 302 in 6.4716 ms
2026-06-03 04:31:20.920 -07:00 [INF] HTTP GET /login responded 200 in 0.4784 ms
2026-06-03 04:31:20.923 -07:00 [INF] HTTP GET /_blazor responded 101 in 29187.0331 ms
2026-06-03 04:31:20.939 -07:00 [INF] HTTP POST /_blazor/disconnect responded 200 in 0.2958 ms
2026-06-03 04:31:20.942 -07:00 [INF] HTTP GET /_framework/blazor.web.js responded 304 in 0.1887 ms
2026-06-03 04:54:58.049 -07:00 [INF] HTTP GET /login responded 200 in 0.7802 ms
2026-06-03 04:54:58.063 -07:00 [INF] HTTP GET /bootstrap/bootstrap.min.css responded 304 in 0.1930 ms
2026-06-03 04:54:58.063 -07:00 [INF] HTTP GET /app.css responded 304 in 0.0686 ms
2026-06-03 04:54:58.065 -07:00 [INF] HTTP GET /SecureAccess.Web.styles.css responded 200 in 0.3153 ms
2026-06-03 04:54:58.065 -07:00 [INF] HTTP GET /_framework/blazor.web.js responded 304 in 0.1114 ms
2026-06-03 04:54:58.077 -07:00 [INF] HTTP GET /favicon.png responded 304 in 0.1259 ms
2026-06-03 04:56:46.672 -07:00 [INF] HTTP GET /login responded 200 in 0.7903 ms
2026-06-03 04:56:46.675 -07:00 [INF] HTTP GET /bootstrap/bootstrap.min.css responded 304 in 0.1621 ms
2026-06-03 04:56:46.676 -07:00 [INF] HTTP GET /app.css responded 304 in 0.0622 ms
2026-06-03 04:56:46.676 -07:00 [INF] HTTP GET /SecureAccess.Web.styles.css responded 200 in 0.1940 ms
2026-06-03 04:56:46.677 -07:00 [INF] HTTP GET /_framework/blazor.web.js responded 304 in 0.1596 ms
2026-06-03 04:58:44.060 -07:00 [INF] HTTP GET /login responded 200 in 1.2238 ms
2026-06-03 04:58:44.069 -07:00 [INF] HTTP GET /SecureAccess.Web.styles.css responded 304 in 0.1621 ms
2026-06-03 04:58:44.070 -07:00 [INF] HTTP GET /_framework/blazor.web.js responded 304 in 0.2954 ms
2026-06-03 05:00:56.056 -07:00 [INF] HTTP GET /login responded 200 in 0.9114 ms
2026-06-03 05:00:56.060 -07:00 [INF] HTTP GET /SecureAccess.Web.styles.css responded 304 in 0.1411 ms
2026-06-03 05:00:56.060 -07:00 [INF] HTTP GET /_framework/blazor.web.js responded 304 in 0.1851 ms
2026-06-03 05:01:02.778 -07:00 [INF] HTTP GET /login responded 200 in 0.5894 ms
2026-06-03 05:01:02.793 -07:00 [INF] HTTP GET /SecureAccess.Web.styles.css responded 304 in 0.1167 ms
2026-06-03 05:01:02.793 -07:00 [INF] HTTP GET /_framework/blazor.web.js responded 304 in 0.1701 ms
2026-06-03 05:01:03.220 -07:00 [INF] HTTP GET /login responded 200 in 0.6387 ms
2026-06-03 05:01:03.233 -07:00 [INF] HTTP GET /_framework/blazor.web.js responded 304 in 0.1296 ms
2026-06-03 05:01:03.397 -07:00 [INF] HTTP GET /login responded 200 in 0.7313 ms
2026-06-03 05:01:03.410 -07:00 [INF] HTTP GET /_framework/blazor.web.js responded 304 in 0.1399 ms
2026-06-03 05:01:03.563 -07:00 [INF] HTTP GET /login responded 200 in 0.3258 ms
2026-06-03 05:01:03.575 -07:00 [INF] HTTP GET /_framework/blazor.web.js responded 304 in 0.1219 ms
2026-06-03 05:03:05.495 -07:00 [INF] HTTP GET /login responded 200 in 0.5700 ms
2026-06-03 05:03:05.500 -07:00 [INF] HTTP GET /SecureAccess.Web.styles.css responded 304 in 0.1437 ms
2026-06-03 05:03:05.501 -07:00 [INF] HTTP GET /_framework/blazor.web.js responded 304 in 0.0934 ms
2026-06-03 05:20:24.719 -07:00 [INF] Now listening on: http://localhost:5005
2026-06-03 05:20:24.733 -07:00 [INF] Application started. Press Ctrl+C to shut down.
2026-06-03 05:20:24.733 -07:00 [INF] Hosting environment: Development
2026-06-03 05:20:24.734 -07:00 [INF] Content root path: D:\La-Fabrica-de-Software\new project(vpn)\src\SecureAccess.Web
2026-06-03 05:20:34.735 -07:00 [WRN] Failed to determine the https port for redirect.
2026-06-03 05:20:34.770 -07:00 [INF] HTTP GET /login responded 200 in 35.4356 ms
2026-06-03 05:20:34.777 -07:00 [INF] HTTP GET /SecureAccess.Web.styles.css responded 304 in 1.1651 ms
2026-06-03 05:20:34.777 -07:00 [INF] HTTP GET /_framework/blazor.web.js responded 304 in 1.4625 ms
2026-06-03 05:20:34.785 -07:00 [INF] HTTP GET /images/login-background.png responded 200 in 2.9680 ms
2026-06-03 05:20:52.877 -07:00 [INF] HTTP GET /login responded 200 in 4.4059 ms
2026-06-03 05:20:52.892 -07:00 [INF] HTTP GET /SecureAccess.Web.styles.css responded 304 in 0.2377 ms
2026-06-03 05:20:52.892 -07:00 [INF] HTTP GET /_framework/blazor.web.js responded 304 in 0.2045 ms
2026-06-03 05:20:52.900 -07:00 [INF] HTTP GET /images/login-background.png responded 200 in 2.5153 ms
2026-06-03 05:21:03.142 -07:00 [INF] HTTP GET /.well-known/appspecific/com.chrome.devtools.json responded 404 in 0.3771 ms
2026-06-03 05:21:03.176 -07:00 [INF] HTTP GET /bootstrap/bootstrap.min.css.map responded 200 in 3.9897 ms
2026-06-03 05:34:14.674 -07:00 [INF] HTTP GET /.well-known/appspecific/com.chrome.devtools.json responded 404 in 0.2839 ms
2026-06-03 06:05:15.941 -07:00 [INF] HTTP GET /login responded 200 in 7.8647 ms
2026-06-03 06:05:15.959 -07:00 [INF] HTTP GET /app.css responded 304 in 0.2975 ms
2026-06-03 06:05:15.960 -07:00 [INF] HTTP GET /bootstrap/bootstrap.min.css responded 304 in 0.2976 ms
2026-06-03 06:05:15.960 -07:00 [INF] HTTP GET /SecureAccess.Web.styles.css responded 304 in 0.0658 ms
2026-06-03 06:05:15.961 -07:00 [INF] HTTP GET /_framework/blazor.web.js responded 304 in 0.3054 ms
2026-06-03 06:05:15.968 -07:00 [INF] HTTP GET /images/login-background.png responded 304 in 0.2036 ms
2026-06-03 06:05:15.977 -07:00 [INF] HTTP GET /favicon.png responded 304 in 0.1634 ms
2026-06-03 06:12:39.383 -07:00 [INF] Application is shutting down...
2026-06-03 06:12:45.124 -07:00 [INF] Now listening on: http://localhost:5005
2026-06-03 06:12:45.138 -07:00 [INF] Application started. Press Ctrl+C to shut down.
2026-06-03 06:12:45.139 -07:00 [INF] Hosting environment: Development
2026-06-03 06:12:45.139 -07:00 [INF] Content root path: D:\La-Fabrica-de-Software\new project(vpn)\src\SecureAccess.Web
2026-06-03 06:12:48.773 -07:00 [WRN] Failed to determine the https port for redirect.
2026-06-03 06:12:48.807 -07:00 [INF] HTTP GET /login responded 200 in 34.6220 ms
2026-06-03 06:12:48.832 -07:00 [INF] HTTP GET /_framework/blazor.web.js responded 304 in 1.5834 ms
2026-06-03 06:12:48.834 -07:00 [INF] HTTP GET /SecureAccess.Web.styles.css responded 200 in 3.0339 ms
2026-06-03 06:12:48.842 -07:00 [INF] HTTP GET /images/login-background.png responded 200 in 2.5163 ms
2026-06-03 06:17:36.311 -07:00 [INF] Application is shutting down...
2026-06-03 06:17:41.510 -07:00 [INF] Now listening on: http://localhost:5005
2026-06-03 06:17:41.524 -07:00 [INF] Application started. Press Ctrl+C to shut down.
2026-06-03 06:17:41.525 -07:00 [INF] Hosting environment: Development
2026-06-03 06:17:41.525 -07:00 [INF] Content root path: D:\La-Fabrica-de-Software\new project(vpn)\src\SecureAccess.Web
2026-06-03 06:17:47.034 -07:00 [WRN] Failed to determine the https port for redirect.
2026-06-03 06:17:47.070 -07:00 [INF] HTTP GET /login responded 200 in 36.2709 ms
2026-06-03 06:17:47.093 -07:00 [INF] HTTP GET /SecureAccess.Web.styles.css responded 304 in 1.4547 ms
2026-06-03 06:17:47.093 -07:00 [INF] HTTP GET /_framework/blazor.web.js responded 304 in 1.6985 ms
2026-06-03 06:17:47.104 -07:00 [INF] HTTP GET /images/login-background.png responded 200 in 5.5591 ms
2026-06-03 06:17:48.145 -07:00 [INF] HTTP GET /login responded 200 in 4.8177 ms
2026-06-03 06:17:48.163 -07:00 [INF] HTTP GET /_framework/blazor.web.js responded 304 in 0.4878 ms
2026-06-03 06:17:49.329 -07:00 [INF] HTTP GET /login responded 200 in 5.1475 ms
2026-06-03 06:17:49.346 -07:00 [INF] HTTP GET /_framework/blazor.web.js responded 304 in 0.2076 ms
2026-06-03 06:17:49.580 -07:00 [INF] HTTP GET /login responded 200 in 0.9258 ms
2026-06-03 06:17:49.596 -07:00 [INF] HTTP GET /_framework/blazor.web.js responded 304 in 0.2182 ms
2026-06-03 06:17:49.801 -07:00 [INF] HTTP GET /login responded 200 in 0.7636 ms
2026-06-03 06:17:49.818 -07:00 [INF] HTTP GET /_framework/blazor.web.js responded 304 in 0.2857 ms
2026-06-03 06:17:50.014 -07:00 [INF] HTTP GET /login responded 200 in 0.8586 ms
2026-06-03 06:17:50.030 -07:00 [INF] HTTP GET /_framework/blazor.web.js responded 304 in 0.1752 ms
2026-06-03 06:29:10.913 -07:00 [WRN] Compiling a query which loads related collections for more than one collection navigation, either via 'Include' or through projection, but no 'QuerySplittingBehavior' has been configured. By default, Entity Framework will use 'QuerySplittingBehavior.SingleQuery', which can potentially result in slow query performance. See https://go.microsoft.com/fwlink/?linkid=2134277 for more information. To identify the query that's triggering this warning call 'ConfigureWarnings(w => w.Throw(RelationalEventId.MultipleCollectionIncludeWarning))'.
2026-06-03 06:29:12.652 -07:00 [INF] HTTP POST /account/login responded 302 in 1794.2919 ms
2026-06-03 06:29:12.699 -07:00 [INF] HTTP GET /change-password responded 200 in 43.1176 ms
2026-06-03 06:29:12.715 -07:00 [INF] HTTP GET /SecureAccess.Web.styles.css responded 304 in 0.2571 ms
2026-06-03 06:29:12.715 -07:00 [INF] HTTP GET /_framework/blazor.web.js responded 304 in 0.5582 ms
2026-06-03 06:29:12.734 -07:00 [INF] HTTP GET /_blazor/initializers responded 200 in 2.6912 ms
2026-06-03 06:29:12.754 -07:00 [INF] HTTP POST /_blazor/negotiate responded 200 in 5.7151 ms
2026-06-03 06:29:56.348 -07:00 [INF] HTTP POST /account/logout responded 302 in 90.4678 ms
2026-06-03 06:29:56.354 -07:00 [INF] HTTP GET /login responded 200 in 1.2981 ms
2026-06-03 06:29:56.363 -07:00 [INF] HTTP GET /_blazor responded 101 in 43604.1445 ms
2026-06-03 06:29:56.371 -07:00 [INF] HTTP GET /_framework/blazor.web.js responded 304 in 0.1756 ms
2026-06-03 06:29:56.371 -07:00 [INF] HTTP POST /_blazor/disconnect responded 200 in 6.0705 ms
2026-06-03 06:29:56.382 -07:00 [INF] HTTP GET /images/login-background.png responded 304 in 0.1914 ms
2026-06-03 06:45:04.049 -07:00 [INF] HTTP GET /login responded 200 in 1.1476 ms
2026-06-03 06:45:04.061 -07:00 [INF] HTTP GET /SecureAccess.Web.styles.css responded 304 in 0.1985 ms
2026-06-03 06:45:04.062 -07:00 [INF] HTTP GET /_framework/blazor.web.js responded 304 in 0.2241 ms
2026-06-03 06:45:04.074 -07:00 [INF] HTTP GET /images/login-background.png responded 304 in 0.1259 ms
2026-06-03 06:45:04.586 -07:00 [INF] HTTP GET /login responded 200 in 0.9073 ms
2026-06-03 06:45:04.598 -07:00 [INF] HTTP GET /_framework/blazor.web.js responded 304 in 0.3376 ms
2026-06-03 06:45:04.872 -07:00 [INF] HTTP GET /login responded 200 in 0.5864 ms
2026-06-03 06:45:04.886 -07:00 [INF] HTTP GET /_framework/blazor.web.js responded 304 in 0.2192 ms
2026-06-03 06:45:05.822 -07:00 [INF] HTTP GET /login responded 200 in 1.3888 ms
2026-06-03 06:45:05.842 -07:00 [INF] HTTP GET /app.css responded 200 in 0.5954 ms
2026-06-03 06:45:05.843 -07:00 [INF] HTTP GET /SecureAccess.Web.styles.css responded 200 in 0.2610 ms
2026-06-03 06:45:05.843 -07:00 [INF] HTTP GET /bootstrap/bootstrap.min.css responded 200 in 1.8842 ms
2026-06-03 06:45:05.847 -07:00 [INF] HTTP GET /_framework/blazor.web.js responded 200 in 3.9016 ms
2026-06-03 06:45:05.848 -07:00 [INF] HTTP GET /images/login-background.png responded 200 in 0.7456 ms
2026-06-03 06:45:05.858 -07:00 [INF] HTTP GET /favicon.png responded 200 in 0.5473 ms
2026-06-03 06:45:06.200 -07:00 [INF] HTTP GET /login responded 200 in 0.5913 ms
2026-06-03 06:45:06.216 -07:00 [INF] HTTP GET /app.css responded 200 in 0.6764 ms
2026-06-03 06:45:06.216 -07:00 [INF] HTTP GET /SecureAccess.Web.styles.css responded 200 in 0.6648 ms
2026-06-03 06:45:06.217 -07:00 [INF] HTTP GET /_framework/blazor.web.js responded 200 in 1.1431 ms
2026-06-03 06:45:06.217 -07:00 [INF] HTTP GET /bootstrap/bootstrap.min.css responded 200 in 1.2655 ms
2026-06-03 06:45:06.225 -07:00 [INF] HTTP GET /images/login-background.png responded 200 in 0.9187 ms
2026-06-03 06:45:06.289 -07:00 [INF] HTTP GET /favicon.png responded 200 in 0.4449 ms
2026-06-03 06:45:06.375 -07:00 [INF] HTTP GET /login responded 200 in 0.9685 ms
2026-06-03 06:45:06.392 -07:00 [INF] HTTP GET /app.css responded 200 in 0.9186 ms
2026-06-03 06:45:06.392 -07:00 [INF] HTTP GET /SecureAccess.Web.styles.css responded 200 in 0.5366 ms
2026-06-03 06:45:06.393 -07:00 [INF] HTTP GET /_framework/blazor.web.js responded 200 in 1.1576 ms
2026-06-03 06:45:06.393 -07:00 [INF] HTTP GET /bootstrap/bootstrap.min.css responded 200 in 2.2070 ms
2026-06-03 06:45:06.401 -07:00 [INF] HTTP GET /images/login-background.png responded 200 in 1.4910 ms
2026-06-03 06:45:06.469 -07:00 [INF] HTTP GET /favicon.png responded 200 in 0.4479 ms
2026-06-03 06:45:06.509 -07:00 [INF] HTTP GET /login responded 200 in 1.8665 ms
2026-06-03 06:45:06.526 -07:00 [INF] HTTP GET /app.css responded 200 in 0.3988 ms
2026-06-03 06:45:06.527 -07:00 [INF] HTTP GET /SecureAccess.Web.styles.css responded 200 in 0.4135 ms
2026-06-03 06:45:06.527 -07:00 [INF] HTTP GET /_framework/blazor.web.js responded 200 in 0.6344 ms
2026-06-03 06:45:06.527 -07:00 [INF] HTTP GET /bootstrap/bootstrap.min.css responded 200 in 1.4258 ms
2026-06-03 06:45:06.533 -07:00 [INF] HTTP GET /images/login-background.png responded 200 in 1.3100 ms
2026-06-03 06:45:06.545 -07:00 [INF] HTTP GET /favicon.png responded 200 in 0.3142 ms
2026-06-03 06:45:08.726 -07:00 [INF] Application is shutting down...
2026-06-03 06:45:15.787 -07:00 [INF] Now listening on: http://localhost:5005
2026-06-03 06:45:15.801 -07:00 [INF] Application started. Press Ctrl+C to shut down.
2026-06-03 06:45:15.801 -07:00 [INF] Hosting environment: Development
2026-06-03 06:45:15.802 -07:00 [INF] Content root path: D:\La-Fabrica-de-Software\new project(vpn)\src\SecureAccess.Web
2026-06-03 06:45:17.206 -07:00 [WRN] Failed to determine the https port for redirect.
2026-06-03 06:45:17.241 -07:00 [INF] HTTP GET /login responded 200 in 35.2113 ms
2026-06-03 06:45:17.265 -07:00 [INF] HTTP GET /_framework/blazor.web.js responded 304 in 2.2188 ms
2026-06-03 06:45:17.775 -07:00 [INF] HTTP GET /login responded 200 in 4.0931 ms
2026-06-03 06:45:17.794 -07:00 [INF] HTTP GET /_framework/blazor.web.js responded 304 in 0.6669 ms
2026-06-03 06:45:18.531 -07:00 [INF] HTTP GET /login responded 200 in 6.7957 ms
2026-06-03 06:45:18.550 -07:00 [INF] HTTP GET /SecureAccess.Web.styles.css responded 200 in 1.4550 ms
2026-06-03 06:45:18.551 -07:00 [INF] HTTP GET /app.css responded 200 in 3.1944 ms
2026-06-03 06:45:18.552 -07:00 [INF] HTTP GET /bootstrap/bootstrap.min.css responded 200 in 4.5804 ms
2026-06-03 06:45:18.552 -07:00 [INF] HTTP GET /_framework/blazor.web.js responded 200 in 3.9826 ms
2026-06-03 06:45:18.557 -07:00 [INF] HTTP GET /images/login-background.png responded 200 in 0.5946 ms
2026-06-03 06:45:18.563 -07:00 [INF] HTTP GET /favicon.png responded 200 in 0.2432 ms
2026-06-03 06:45:18.713 -07:00 [INF] HTTP GET /login responded 200 in 0.6549 ms
2026-06-03 06:45:18.728 -07:00 [INF] HTTP GET /SecureAccess.Web.styles.css responded 200 in 0.2781 ms
2026-06-03 06:45:18.728 -07:00 [INF] HTTP GET /app.css responded 200 in 0.3818 ms
2026-06-03 06:45:18.729 -07:00 [INF] HTTP GET /bootstrap/bootstrap.min.css responded 200 in 0.8302 ms
2026-06-03 06:45:18.729 -07:00 [INF] HTTP GET /_framework/blazor.web.js responded 200 in 0.7534 ms
2026-06-03 06:45:18.737 -07:00 [INF] HTTP GET /images/login-background.png responded 200 in 0.4614 ms
2026-06-03 06:45:18.801 -07:00 [INF] HTTP GET /favicon.png responded 200 in 0.3194 ms
2026-06-03 06:45:18.857 -07:00 [INF] HTTP GET /login responded 200 in 0.7588 ms
2026-06-03 06:45:18.875 -07:00 [INF] HTTP GET /SecureAccess.Web.styles.css responded 200 in 0.2352 ms
2026-06-03 06:45:18.875 -07:00 [INF] HTTP GET /app.css responded 200 in 0.2321 ms
2026-06-03 06:45:18.876 -07:00 [INF] HTTP GET /_framework/blazor.web.js responded 200 in 0.7522 ms
2026-06-03 06:45:18.876 -07:00 [INF] HTTP GET /bootstrap/bootstrap.min.css responded 200 in 1.5941 ms
2026-06-03 06:45:18.880 -07:00 [INF] HTTP GET /images/login-background.png responded 200 in 0.6865 ms
2026-06-03 06:45:18.890 -07:00 [INF] HTTP GET /favicon.png responded 200 in 0.3319 ms
2026-06-03 06:45:18.999 -07:00 [INF] HTTP GET /login responded 200 in 0.9232 ms
2026-06-03 06:45:19.015 -07:00 [INF] HTTP GET /app.css responded 200 in 0.6378 ms
2026-06-03 06:45:19.015 -07:00 [INF] HTTP GET /SecureAccess.Web.styles.css responded 200 in 0.5037 ms
2026-06-03 06:45:19.015 -07:00 [INF] HTTP GET /_framework/blazor.web.js responded 200 in 0.6528 ms
2026-06-03 06:45:19.015 -07:00 [INF] HTTP GET /bootstrap/bootstrap.min.css responded 200 in 0.9734 ms
2026-06-03 06:45:19.025 -07:00 [INF] HTTP GET /images/login-background.png responded 200 in 0.4781 ms
2026-06-03 06:45:19.087 -07:00 [INF] HTTP GET /favicon.png responded 200 in 0.2709 ms
2026-06-03 06:45:19.143 -07:00 [INF] HTTP GET /login responded 200 in 0.6290 ms
2026-06-03 06:45:19.160 -07:00 [INF] HTTP GET /app.css responded 200 in 0.1425 ms
2026-06-03 06:45:19.160 -07:00 [INF] HTTP GET /SecureAccess.Web.styles.css responded 200 in 0.1962 ms
2026-06-03 06:45:19.160 -07:00 [INF] HTTP GET /bootstrap/bootstrap.min.css responded 200 in 0.6847 ms
2026-06-03 06:45:19.160 -07:00 [INF] HTTP GET /_framework/blazor.web.js responded 200 in 0.2631 ms
2026-06-03 06:45:19.165 -07:00 [INF] HTTP GET /images/login-background.png responded 200 in 0.8413 ms
2026-06-03 06:45:19.173 -07:00 [INF] HTTP GET /favicon.png responded 200 in 0.3251 ms
2026-06-03 06:45:19.287 -07:00 [INF] HTTP GET /login responded 200 in 0.6696 ms
2026-06-03 06:45:19.305 -07:00 [INF] HTTP GET /bootstrap/bootstrap.min.css responded 200 in 0.5502 ms
2026-06-03 06:45:19.306 -07:00 [INF] HTTP GET /app.css responded 200 in 1.3181 ms
2026-06-03 06:45:19.306 -07:00 [INF] HTTP GET /SecureAccess.Web.styles.css responded 200 in 1.5164 ms
2026-06-03 06:45:19.306 -07:00 [INF] HTTP GET /_framework/blazor.web.js responded 200 in 1.7017 ms
2026-06-03 06:45:19.309 -07:00 [INF] HTTP GET /images/login-background.png responded 200 in 0.4773 ms
2026-06-03 06:45:19.320 -07:00 [INF] HTTP GET /favicon.png responded 200 in 0.2666 ms
2026-06-03 06:45:19.435 -07:00 [INF] HTTP GET /login responded 200 in 0.6554 ms
2026-06-03 06:45:19.451 -07:00 [INF] HTTP GET /SecureAccess.Web.styles.css responded 200 in 0.1460 ms
2026-06-03 06:45:19.451 -07:00 [INF] HTTP GET /app.css responded 200 in 0.1426 ms
2026-06-03 06:45:19.451 -07:00 [INF] HTTP GET /bootstrap/bootstrap.min.css responded 200 in 0.6666 ms
2026-06-03 06:45:19.454 -07:00 [INF] HTTP GET /_framework/blazor.web.js responded 200 in 0.9740 ms
2026-06-03 06:45:19.462 -07:00 [INF] HTTP GET /images/login-background.png responded 200 in 0.3734 ms
2026-06-03 06:45:19.535 -07:00 [INF] HTTP GET /favicon.png responded 200 in 0.3102 ms
2026-06-03 06:45:19.575 -07:00 [INF] HTTP GET /login responded 200 in 0.5898 ms
2026-06-03 06:45:19.591 -07:00 [INF] HTTP GET /SecureAccess.Web.styles.css responded 200 in 0.2402 ms
2026-06-03 06:45:19.591 -07:00 [INF] HTTP GET /app.css responded 200 in 0.3227 ms
2026-06-03 06:45:19.591 -07:00 [INF] HTTP GET /_framework/blazor.web.js responded 200 in 0.3181 ms
2026-06-03 06:45:19.591 -07:00 [INF] HTTP GET /bootstrap/bootstrap.min.css responded 200 in 0.7294 ms
2026-06-03 06:45:19.596 -07:00 [INF] HTTP GET /images/login-background.png responded 200 in 0.8223 ms
2026-06-03 06:45:19.607 -07:00 [INF] HTTP GET /favicon.png responded 200 in 0.2657 ms
2026-06-03 06:48:32.596 -07:00 [INF] Now listening on: http://localhost:5005
2026-06-03 06:48:32.611 -07:00 [INF] Application started. Press Ctrl+C to shut down.
2026-06-03 06:48:32.612 -07:00 [INF] Hosting environment: Development
2026-06-03 06:48:32.612 -07:00 [INF] Content root path: D:\La-Fabrica-de-Software\new project(vpn)\src\SecureAccess.Web
2026-06-03 06:48:40.093 -07:00 [WRN] Failed to determine the https port for redirect.
2026-06-03 06:48:40.104 -07:00 [INF] HTTP GET / responded 302 in 10.9207 ms
2026-06-03 06:48:40.139 -07:00 [INF] HTTP GET /login responded 200 in 30.4471 ms
2026-06-03 06:48:40.157 -07:00 [INF] HTTP GET /SecureAccess.Web.styles.css responded 200 in 1.3077 ms
2026-06-03 06:48:40.158 -07:00 [INF] HTTP GET /app.css responded 200 in 3.3468 ms
2026-06-03 06:48:40.158 -07:00 [INF] HTTP GET /bootstrap/bootstrap.min.css responded 200 in 4.5081 ms
2026-06-03 06:48:40.160 -07:00 [INF] HTTP GET /_framework/blazor.web.js responded 200 in 3.7837 ms
2026-06-03 06:48:40.169 -07:00 [INF] HTTP GET /images/login-background.png responded 200 in 0.4142 ms
2026-06-03 06:48:40.190 -07:00 [INF] HTTP GET /favicon.png responded 200 in 0.6487 ms
2026-06-03 06:53:28.037 -07:00 [INF] Application is shutting down...
2026-06-03 06:53:34.436 -07:00 [INF] Now listening on: http://localhost:5005
2026-06-03 06:53:34.450 -07:00 [INF] Application started. Press Ctrl+C to shut down.
2026-06-03 06:53:34.451 -07:00 [INF] Hosting environment: Development
2026-06-03 06:53:34.451 -07:00 [INF] Content root path: D:\La-Fabrica-de-Software\new project(vpn)\src\SecureAccess.Web
2026-06-03 06:53:37.888 -07:00 [WRN] Failed to determine the https port for redirect.
2026-06-03 06:53:37.923 -07:00 [INF] HTTP GET /login responded 200 in 35.3804 ms
2026-06-03 06:53:37.943 -07:00 [INF] HTTP GET /_framework/blazor.web.js responded 304 in 1.4127 ms
2026-06-03 06:53:37.944 -07:00 [INF] HTTP GET /SecureAccess.Web.styles.css responded 200 in 2.4454 ms
2026-06-03 06:53:37.951 -07:00 [INF] HTTP GET /images/login-background.png responded 200 in 2.4580 ms
2026-06-03 07:00:19.685 -07:00 [INF] Application is shutting down...
2026-06-03 07:01:00.451 -07:00 [INF] Now listening on: http://localhost:5005
2026-06-03 07:01:00.466 -07:00 [INF] Application started. Press Ctrl+C to shut down.
2026-06-03 07:01:00.467 -07:00 [INF] Hosting environment: Development
2026-06-03 07:01:00.467 -07:00 [INF] Content root path: D:\La-Fabrica-de-Software\new project(vpn)\src\SecureAccess.Web
2026-06-03 07:01:06.295 -07:00 [WRN] Failed to determine the https port for redirect.
2026-06-03 07:01:06.329 -07:00 [INF] HTTP GET /login responded 200 in 34.9590 ms
2026-06-03 07:01:06.348 -07:00 [INF] HTTP GET /_framework/blazor.web.js responded 304 in 1.7027 ms
2026-06-03 07:01:06.350 -07:00 [INF] HTTP GET /SecureAccess.Web.styles.css responded 200 in 2.7833 ms
2026-06-03 07:01:06.360 -07:00 [INF] HTTP GET /images/login-background.png responded 200 in 2.4069 ms
2026-06-03 07:01:07.602 -07:00 [INF] HTTP GET /login responded 200 in 4.7365 ms
2026-06-03 07:01:07.618 -07:00 [INF] HTTP GET /_framework/blazor.web.js responded 304 in 0.3078 ms
2026-06-03 07:01:29.076 -07:00 [INF] HTTP GET /login responded 200 in 5.7011 ms
2026-06-03 07:01:29.092 -07:00 [INF] HTTP GET /SecureAccess.Web.styles.css responded 304 in 0.1832 ms
2026-06-03 07:01:29.092 -07:00 [INF] HTTP GET /_framework/blazor.web.js responded 304 in 0.1966 ms
2026-06-03 07:01:29.100 -07:00 [INF] HTTP GET /images/login-background.png responded 200 in 4.6242 ms
2026-06-03 07:01:33.069 -07:00 [INF] HTTP GET /login responded 200 in 0.7397 ms
2026-06-03 07:01:33.091 -07:00 [INF] HTTP GET /_framework/blazor.web.js responded 304 in 0.1838 ms
2026-06-03 07:01:33.094 -07:00 [INF] HTTP GET /images/login-background.png responded 304 in 0.1052 ms
2026-06-03 07:01:33.577 -07:00 [INF] HTTP GET /login responded 200 in 1.0563 ms
2026-06-03 07:01:33.596 -07:00 [INF] HTTP GET /_framework/blazor.web.js responded 304 in 0.2081 ms
2026-06-03 07:01:33.851 -07:00 [INF] HTTP GET /login responded 200 in 0.9057 ms
2026-06-03 07:01:33.868 -07:00 [INF] HTTP GET /_framework/blazor.web.js responded 304 in 0.2309 ms
2026-06-03 07:03:55.040 -07:00 [INF] HTTP GET /login responded 200 in 0.9350 ms
2026-06-03 07:03:55.057 -07:00 [INF] HTTP GET /_framework/blazor.web.js responded 304 in 0.2003 ms
2026-06-03 07:03:55.057 -07:00 [INF] HTTP GET /SecureAccess.Web.styles.css responded 304 in 0.1134 ms
2026-06-03 07:03:55.062 -07:00 [INF] HTTP GET /images/login-background.png responded 304 in 0.1220 ms
2026-06-03 07:03:55.385 -07:00 [INF] HTTP GET /login responded 200 in 0.8706 ms
2026-06-03 07:03:55.402 -07:00 [INF] HTTP GET /_framework/blazor.web.js responded 304 in 0.1882 ms
2026-06-03 07:03:55.552 -07:00 [INF] HTTP GET /login responded 200 in 0.6955 ms
2026-06-03 07:03:55.569 -07:00 [INF] HTTP GET /_framework/blazor.web.js responded 304 in 0.1646 ms
2026-06-03 07:03:55.704 -07:00 [INF] HTTP GET /login responded 200 in 0.6234 ms
2026-06-03 07:03:55.723 -07:00 [INF] HTTP GET /_framework/blazor.web.js responded 304 in 0.1604 ms
2026-06-03 07:04:11.667 -07:00 [WRN] Compiling a query which loads related collections for more than one collection navigation, either via 'Include' or through projection, but no 'QuerySplittingBehavior' has been configured. By default, Entity Framework will use 'QuerySplittingBehavior.SingleQuery', which can potentially result in slow query performance. See https://go.microsoft.com/fwlink/?linkid=2134277 for more information. To identify the query that's triggering this warning call 'ConfigureWarnings(w => w.Throw(RelationalEventId.MultipleCollectionIncludeWarning))'.
2026-06-03 07:04:11.910 -07:00 [INF] HTTP POST /account/login responded 302 in 268.9616 ms
2026-06-03 07:04:11.938 -07:00 [INF] HTTP GET /change-password responded 200 in 24.3797 ms
2026-06-03 07:04:11.955 -07:00 [INF] HTTP GET /_framework/blazor.web.js responded 304 in 0.3261 ms
2026-06-03 07:04:11.970 -07:00 [INF] HTTP GET /_blazor/initializers responded 200 in 1.1512 ms
2026-06-03 07:04:11.990 -07:00 [INF] HTTP POST /_blazor/negotiate responded 200 in 2.6607 ms
2026-06-03 07:04:14.397 -07:00 [INF] HTTP POST /account/logout responded 302 in 60.2046 ms
2026-06-03 07:04:14.401 -07:00 [INF] HTTP GET /login responded 200 in 0.4898 ms
2026-06-03 07:04:14.408 -07:00 [INF] HTTP GET /_blazor responded 101 in 2415.9097 ms
2026-06-03 07:04:14.421 -07:00 [INF] HTTP POST /_blazor/disconnect responded 200 in 3.4783 ms
2026-06-03 07:04:14.422 -07:00 [INF] HTTP GET /_framework/blazor.web.js responded 304 in 0.1516 ms
2026-06-03 07:05:16.051 -07:00 [INF] Application is shutting down...
2026-06-03 07:05:43.176 -07:00 [INF] Now listening on: http://localhost:5005
2026-06-03 07:05:43.191 -07:00 [INF] Application started. Press Ctrl+C to shut down.
2026-06-03 07:05:43.193 -07:00 [INF] Hosting environment: Development
2026-06-03 07:05:43.193 -07:00 [INF] Content root path: D:\La-Fabrica-de-Software\new project(vpn)\src\SecureAccess.Web
2026-06-03 07:05:47.155 -07:00 [WRN] Failed to determine the https port for redirect.
2026-06-03 07:05:47.189 -07:00 [INF] HTTP GET /login responded 200 in 34.3746 ms
2026-06-03 07:05:47.210 -07:00 [INF] HTTP GET /SecureAccess.Web.styles.css responded 304 in 1.2692 ms
2026-06-03 07:05:47.210 -07:00 [INF] HTTP GET /_framework/blazor.web.js responded 304 in 1.4454 ms
2026-06-03 07:05:47.218 -07:00 [INF] HTTP GET /images/login-background.png responded 200 in 3.7713 ms
2026-06-03 07:05:54.500 -07:00 [INF] HTTP GET /.well-known/appspecific/com.chrome.devtools.json responded 404 in 1.6484 ms
2026-06-03 07:05:54.572 -07:00 [INF] HTTP GET /bootstrap/bootstrap.min.css.map responded 200 in 3.8123 ms
2026-06-03 07:09:53.995 -07:00 [INF] HTTP GET /login responded 200 in 3.6821 ms
2026-06-03 07:09:54.011 -07:00 [INF] HTTP GET /SecureAccess.Web.styles.css responded 304 in 0.3746 ms
2026-06-03 07:09:54.012 -07:00 [INF] HTTP GET /_framework/blazor.web.js responded 304 in 0.2585 ms
2026-06-03 07:09:54.019 -07:00 [INF] HTTP GET /images/login-background.png responded 304 in 0.1104 ms
2026-06-03 07:10:00.682 -07:00 [INF] HTTP GET /.well-known/appspecific/com.chrome.devtools.json responded 404 in 0.2283 ms
2026-06-03 07:11:56.705 -07:00 [INF] HTTP GET /.well-known/appspecific/com.chrome.devtools.json responded 404 in 0.2004 ms
2026-06-03 07:16:52.007 -07:00 [INF] HTTP GET /login responded 200 in 5.5300 ms
2026-06-03 07:16:52.026 -07:00 [INF] HTTP GET /SecureAccess.Web.styles.css responded 304 in 0.1560 ms
2026-06-03 07:16:52.026 -07:00 [INF] HTTP GET /_framework/blazor.web.js responded 304 in 0.1654 ms
2026-06-03 07:16:52.031 -07:00 [INF] HTTP GET /images/login-background.png responded 304 in 0.1269 ms
2026-06-03 07:16:53.880 -07:00 [INF] HTTP GET /.well-known/appspecific/com.chrome.devtools.json responded 404 in 0.2769 ms
2026-06-03 07:17:42.885 -07:00 [INF] Application is shutting down...
2026-06-03 07:17:47.263 -07:00 [INF] Now listening on: http://localhost:5005
2026-06-03 07:17:47.280 -07:00 [INF] Application started. Press Ctrl+C to shut down.
2026-06-03 07:17:47.281 -07:00 [INF] Hosting environment: Development
2026-06-03 07:17:47.281 -07:00 [INF] Content root path: D:\La-Fabrica-de-Software\new project(vpn)\src\SecureAccess.Web
2026-06-03 07:17:48.659 -07:00 [WRN] Failed to determine the https port for redirect.
2026-06-03 07:17:48.695 -07:00 [INF] HTTP GET /login responded 200 in 35.9052 ms
2026-06-03 07:17:48.712 -07:00 [INF] HTTP GET /.well-known/appspecific/com.chrome.devtools.json responded 404 in 1.1353 ms
2026-06-03 07:17:48.712 -07:00 [INF] HTTP GET /_framework/blazor.web.js responded 304 in 1.8137 ms
2026-06-03 07:17:49.370 -07:00 [INF] HTTP GET /login responded 200 in 3.1250 ms
2026-06-03 07:17:49.384 -07:00 [INF] HTTP GET /.well-known/appspecific/com.chrome.devtools.json responded 404 in 0.1887 ms
2026-06-03 07:17:49.385 -07:00 [INF] HTTP GET /_framework/blazor.web.js responded 304 in 0.2507 ms
2026-06-03 07:17:49.821 -07:00 [INF] HTTP GET /login responded 200 in 4.9037 ms
2026-06-03 07:17:49.836 -07:00 [INF] HTTP GET /.well-known/appspecific/com.chrome.devtools.json responded 404 in 0.1831 ms
2026-06-03 07:17:49.839 -07:00 [INF] HTTP GET /_framework/blazor.web.js responded 304 in 0.1522 ms
2026-06-03 07:17:54.711 -07:00 [INF] HTTP GET /login responded 200 in 0.7983 ms
2026-06-03 07:17:54.733 -07:00 [INF] HTTP GET /.well-known/appspecific/com.chrome.devtools.json responded 404 in 0.1887 ms
2026-06-03 07:17:54.738 -07:00 [INF] HTTP GET /app.css responded 200 in 1.2247 ms
2026-06-03 07:17:54.739 -07:00 [INF] HTTP GET /SecureAccess.Web.styles.css responded 200 in 1.2203 ms
2026-06-03 07:17:54.739 -07:00 [INF] HTTP GET /bootstrap/bootstrap.min.css responded 200 in 5.7476 ms
2026-06-03 07:17:54.742 -07:00 [INF] HTTP GET /_framework/blazor.web.js responded 200 in 4.1357 ms
2026-06-03 07:17:54.761 -07:00 [INF] HTTP GET /favicon.png responded 200 in 0.3855 ms
2026-06-03 07:18:40.947 -07:00 [WRN] Compiling a query which loads related collections for more than one collection navigation, either via 'Include' or through projection, but no 'QuerySplittingBehavior' has been configured. By default, Entity Framework will use 'QuerySplittingBehavior.SingleQuery', which can potentially result in slow query performance. See https://go.microsoft.com/fwlink/?linkid=2134277 for more information. To identify the query that's triggering this warning call 'ConfigureWarnings(w => w.Throw(RelationalEventId.MultipleCollectionIncludeWarning))'.
2026-06-03 07:18:41.373 -07:00 [INF] HTTP POST /account/login responded 302 in 483.1810 ms
2026-06-03 07:18:41.436 -07:00 [INF] HTTP GET /change-password responded 200 in 59.1822 ms
2026-06-03 07:18:41.458 -07:00 [INF] HTTP GET /_framework/blazor.web.js responded 304 in 0.5166 ms
2026-06-03 07:18:41.458 -07:00 [INF] HTTP GET /SecureAccess.Web.styles.css responded 304 in 0.9186 ms
2026-06-03 07:18:41.483 -07:00 [INF] HTTP GET /_blazor/initializers responded 200 in 3.1468 ms
2026-06-03 07:18:41.498 -07:00 [INF] HTTP POST /_blazor/negotiate responded 200 in 5.3830 ms
2026-06-03 07:22:38.122 -07:00 [INF] HTTP GET /roles responded 200 in 106.6999 ms
2026-06-03 07:22:41.461 -07:00 [INF] HTTP GET / responded 200 in 107.9470 ms
2026-06-03 07:22:43.331 -07:00 [INF] HTTP GET /request-access responded 200 in 26.1583 ms
2026-06-03 07:31:49.179 -07:00 [INF] Now listening on: http://localhost:5005
2026-06-03 07:31:49.196 -07:00 [INF] Application started. Press Ctrl+C to shut down.
2026-06-03 07:31:49.197 -07:00 [INF] Hosting environment: Development
2026-06-03 07:31:49.197 -07:00 [INF] Content root path: D:\La-Fabrica-de-Software\new project(vpn)\src\SecureAccess.Web
2026-06-03 07:31:52.304 -07:00 [WRN] Failed to determine the https port for redirect.
2026-06-03 07:31:52.317 -07:00 [INF] HTTP POST /_blazor/negotiate responded 200 in 13.2971 ms
2026-06-03 07:31:54.239 -07:00 [INF] HTTP GET /_blazor responded 101 in 1919.1043 ms
2026-06-03 07:31:54.332 -07:00 [INF] HTTP GET /request-access responded 200 in 86.7908 ms
2026-06-03 07:31:54.340 -07:00 [INF] HTTP POST /_blazor/disconnect responded 200 in 3.8176 ms
2026-06-03 07:31:54.353 -07:00 [INF] HTTP GET /_framework/blazor.web.js responded 304 in 0.4815 ms
2026-06-03 07:31:54.355 -07:00 [INF] HTTP GET /SecureAccess.Web.styles.css responded 200 in 2.5876 ms
2026-06-03 07:31:54.355 -07:00 [INF] HTTP GET /css/app-shell.css responded 200 in 3.6444 ms
2026-06-03 07:31:54.357 -07:00 [INF] HTTP GET / responded 200 in 109.7111 ms
2026-06-03 07:31:54.378 -07:00 [INF] HTTP GET /_blazor/initializers responded 200 in 1.0485 ms
2026-06-03 07:31:54.389 -07:00 [INF] HTTP POST /_blazor/negotiate responded 200 in 0.6013 ms
2026-06-03 07:32:00.844 -07:00 [INF] HTTP GET /change-password responded 200 in 12.7682 ms
2026-06-03 07:32:11.012 -07:00 [INF] HTTP GET / responded 200 in 19.7355 ms
2026-06-03 07:32:33.495 -07:00 [INF] HTTP GET /reports responded 200 in 5.3951 ms
2026-06-03 07:32:38.379 -07:00 [INF] HTTP GET /audit responded 200 in 29.3469 ms
2026-06-03 07:32:40.379 -07:00 [INF] HTTP GET /sessions responded 200 in 35.1418 ms
2026-06-03 07:32:41.346 -07:00 [INF] HTTP GET /import-export responded 200 in 4.3083 ms
2026-06-03 07:32:41.956 -07:00 [INF] HTTP GET /users responded 200 in 34.9923 ms
2026-06-03 07:32:42.664 -07:00 [INF] HTTP GET /roles responded 200 in 15.7461 ms
2026-06-03 07:32:45.865 -07:00 [INF] HTTP GET /change-password responded 200 in 2.9879 ms
2026-06-03 07:33:27.338 -07:00 [INF] HTTP GET /css/app-shell.css responded 304 in 0.2703 ms
2026-06-03 07:33:27.338 -07:00 [INF] HTTP GET /SecureAccess.Web.styles.css responded 304 in 0.5499 ms
2026-06-03 07:33:27.339 -07:00 [INF] HTTP GET /.well-known/appspecific/com.chrome.devtools.json responded 404 in 0.4416 ms
2026-06-03 07:35:38.870 -07:00 [INF] HTTP GET /sessions responded 200 in 7.1191 ms
2026-06-03 07:35:39.701 -07:00 [INF] HTTP GET /users responded 200 in 4.1480 ms
2026-06-03 07:35:41.179 -07:00 [INF] HTTP GET /roles responded 200 in 4.1645 ms
2026-06-03 07:36:04.869 -07:00 [INF] HTTP GET /.well-known/appspecific/com.chrome.devtools.json responded 404 in 0.6612 ms
2026-06-03 07:36:29.976 -07:00 [INF] HTTP GET /roles responded 200 in 2.8695 ms
2026-06-03 07:36:29.985 -07:00 [INF] HTTP GET /_blazor responded 101 in 275591.6314 ms
2026-06-03 07:36:29.994 -07:00 [INF] HTTP POST /_blazor/disconnect responded 200 in 1.1661 ms
2026-06-03 07:36:30.007 -07:00 [INF] HTTP GET /css/app-shell.css responded 304 in 0.1527 ms
2026-06-03 07:36:30.007 -07:00 [INF] HTTP GET /SecureAccess.Web.styles.css responded 304 in 0.0842 ms
2026-06-03 07:36:30.009 -07:00 [INF] HTTP GET /_framework/blazor.web.js responded 304 in 0.2655 ms
2026-06-03 07:36:30.012 -07:00 [INF] HTTP GET /.well-known/appspecific/com.chrome.devtools.json responded 404 in 0.3534 ms
2026-06-03 07:36:30.035 -07:00 [INF] HTTP GET /_blazor/initializers responded 200 in 0.2964 ms
2026-06-03 07:36:30.040 -07:00 [INF] HTTP POST /_blazor/negotiate responded 200 in 0.3754 ms
2026-06-03 07:37:34.388 -07:00 [INF] Application is shutting down...
2026-06-03 07:37:34.388 -07:00 [INF] HTTP GET /_blazor responded 101 in 64341.5292 ms
2026-06-03 07:37:38.299 -07:00 [INF] Now listening on: http://localhost:5005
2026-06-03 07:37:38.315 -07:00 [INF] Application started. Press Ctrl+C to shut down.
2026-06-03 07:37:38.316 -07:00 [INF] Hosting environment: Development
2026-06-03 07:37:38.316 -07:00 [INF] Content root path: D:\La-Fabrica-de-Software\new project(vpn)\src\SecureAccess.Web
2026-06-03 07:37:38.589 -07:00 [WRN] Failed to determine the https port for redirect.
2026-06-03 07:37:38.602 -07:00 [INF] HTTP POST /_blazor/negotiate responded 200 in 13.2434 ms
2026-06-03 07:37:41.831 -07:00 [INF] HTTP GET /roles responded 200 in 78.0870 ms
2026-06-03 07:37:41.838 -07:00 [INF] HTTP GET /_blazor responded 101 in 3232.7066 ms
2026-06-03 07:37:41.847 -07:00 [INF] HTTP POST /_blazor/disconnect responded 200 in 4.2256 ms
2026-06-03 07:37:41.851 -07:00 [INF] HTTP GET /.well-known/appspecific/com.chrome.devtools.json responded 404 in 0.4564 ms
2026-06-03 07:37:41.856 -07:00 [INF] HTTP GET /css/app-shell.css responded 304 in 1.6302 ms
2026-06-03 07:37:41.856 -07:00 [INF] HTTP GET /_framework/blazor.web.js responded 304 in 0.6029 ms
2026-06-03 07:37:41.859 -07:00 [INF] HTTP GET /SecureAccess.Web.styles.css responded 200 in 4.3184 ms
2026-06-03 07:37:41.882 -07:00 [INF] HTTP GET /_blazor/initializers responded 200 in 1.1484 ms
2026-06-03 07:37:41.891 -07:00 [INF] HTTP POST /_blazor/negotiate responded 200 in 0.9567 ms
2026-06-03 07:38:02.757 -07:00 [INF] HTTP GET / responded 200 in 68.7173 ms
2026-06-03 07:38:03.818 -07:00 [INF] HTTP GET /request-access responded 200 in 17.4674 ms
2026-06-03 07:38:04.497 -07:00 [INF] HTTP GET / responded 200 in 8.8678 ms
2026-06-03 07:38:05.939 -07:00 [INF] HTTP GET /change-password responded 200 in 3.3239 ms
2026-06-03 07:38:06.805 -07:00 [INF] HTTP GET /audit responded 200 in 13.4685 ms
2026-06-03 07:38:07.292 -07:00 [INF] HTTP GET /templates responded 200 in 30.1323 ms
2026-06-03 07:38:08.187 -07:00 [INF] HTTP GET /templates responded 200 in 4.6521 ms
2026-06-03 07:38:08.191 -07:00 [INF] HTTP GET /_blazor responded 101 in 26291.7682 ms
2026-06-03 07:38:08.192 -07:00 [INF] HTTP POST /_blazor/disconnect responded 200 in 1.1597 ms
2026-06-03 07:38:08.208 -07:00 [INF] HTTP GET /SecureAccess.Web.styles.css responded 304 in 0.2205 ms
2026-06-03 07:38:08.209 -07:00 [INF] HTTP GET /_framework/blazor.web.js responded 304 in 0.2684 ms
2026-06-03 07:38:08.216 -07:00 [INF] HTTP GET /_blazor/initializers responded 200 in 0.3993 ms
2026-06-03 07:38:08.226 -07:00 [INF] HTTP POST /_blazor/negotiate responded 200 in 0.3378 ms
2026-06-03 07:38:09.920 -07:00 [INF] HTTP GET /templates responded 200 in 3.1468 ms
2026-06-03 07:38:09.923 -07:00 [INF] HTTP GET /_blazor responded 101 in 1694.6770 ms
2026-06-03 07:38:09.934 -07:00 [INF] HTTP POST /_blazor/disconnect responded 200 in 0.4955 ms
2026-06-03 07:38:09.939 -07:00 [INF] HTTP GET /_framework/blazor.web.js responded 304 in 0.2547 ms
2026-06-03 07:38:09.942 -07:00 [INF] HTTP GET /_blazor/initializers responded 200 in 0.2109 ms
2026-06-03 07:38:09.953 -07:00 [INF] HTTP POST /_blazor/negotiate responded 200 in 0.3418 ms
2026-06-03 07:38:10.094 -07:00 [INF] HTTP GET /templates responded 200 in 2.9425 ms
2026-06-03 07:38:10.096 -07:00 [INF] HTTP GET /_blazor responded 101 in 140.2301 ms
2026-06-03 07:38:10.111 -07:00 [INF] HTTP POST /_blazor/disconnect responded 200 in 0.5215 ms
2026-06-03 07:38:10.111 -07:00 [INF] HTTP GET /SecureAccess.Web.styles.css responded 304 in 0.1245 ms
2026-06-03 07:38:10.111 -07:00 [INF] HTTP GET /_framework/blazor.web.js responded 304 in 0.2049 ms
2026-06-03 07:38:10.119 -07:00 [INF] HTTP GET /_blazor/initializers responded 200 in 0.2444 ms
2026-06-03 07:38:10.126 -07:00 [INF] HTTP POST /_blazor/negotiate responded 200 in 0.3479 ms
2026-06-03 07:38:10.262 -07:00 [INF] HTTP GET /templates responded 200 in 2.8918 ms
2026-06-03 07:38:10.264 -07:00 [INF] HTTP GET /_blazor responded 101 in 135.6231 ms
2026-06-03 07:38:10.278 -07:00 [INF] HTTP POST /_blazor/disconnect responded 200 in 0.4486 ms
2026-06-03 07:38:10.278 -07:00 [INF] HTTP GET /_framework/blazor.web.js responded 304 in 0.1846 ms
2026-06-03 07:38:10.285 -07:00 [INF] HTTP GET /_blazor/initializers responded 200 in 0.2316 ms
2026-06-03 07:38:10.291 -07:00 [INF] HTTP POST /_blazor/negotiate responded 200 in 0.2660 ms
2026-06-03 07:38:11.619 -07:00 [INF] HTTP GET /roles responded 200 in 2.6418 ms
2026-06-03 07:38:15.578 -07:00 [INF] HTTP GET /change-password responded 200 in 1.6198 ms
2026-06-03 07:38:16.459 -07:00 [INF] HTTP GET /audit responded 200 in 3.2372 ms
2026-06-03 07:38:17.096 -07:00 [INF] HTTP GET /import-export responded 200 in 2.0567 ms
2026-06-03 07:38:19.201 -07:00 [INF] HTTP GET /change-password responded 200 in 1.1902 ms
2026-06-03 07:38:20.182 -07:00 [INF] HTTP GET /import-export responded 200 in 1.4363 ms
2026-06-03 07:38:21.025 -07:00 [INF] HTTP GET /users responded 200 in 11.3511 ms
2026-06-03 07:38:21.174 -07:00 [INF] HTTP GET /users responded 200 in 2.0266 ms
2026-06-03 07:38:22.144 -07:00 [INF] HTTP GET /import-export responded 200 in 0.9317 ms
2026-06-03 07:38:23.594 -07:00 [INF] HTTP GET /roles responded 200 in 2.2015 ms
2026-06-03 07:38:26.177 -07:00 [INF] HTTP GET /change-password responded 200 in 1.0894 ms
2026-06-03 07:38:26.366 -07:00 [INF] HTTP GET /change-password responded 200 in 1.1432 ms
2026-06-03 07:38:26.525 -07:00 [INF] HTTP GET /change-password responded 200 in 0.8971 ms
2026-06-03 07:41:37.428 -07:00 [INF] Application is shutting down...
2026-06-03 07:41:37.428 -07:00 [INF] HTTP GET /_blazor responded 101 in 207133.8153 ms
2026-06-03 07:41:42.117 -07:00 [INF] Now listening on: http://localhost:5005
2026-06-03 07:41:42.134 -07:00 [INF] Application started. Press Ctrl+C to shut down.
2026-06-03 07:41:42.135 -07:00 [INF] Hosting environment: Development
2026-06-03 07:41:42.135 -07:00 [INF] Content root path: D:\La-Fabrica-de-Software\new project(vpn)\src\SecureAccess.Web
2026-06-03 07:41:42.299 -07:00 [WRN] Failed to determine the https port for redirect.
2026-06-03 07:41:42.311 -07:00 [INF] HTTP POST /_blazor/negotiate responded 200 in 12.2628 ms
2026-06-03 07:41:46.292 -07:00 [INF] HTTP GET /change-password responded 200 in 50.9793 ms
2026-06-03 07:41:46.298 -07:00 [INF] HTTP GET /_blazor responded 101 in 3979.9166 ms
2026-06-03 07:41:46.300 -07:00 [INF] HTTP POST /_blazor/disconnect responded 200 in 3.5346 ms
2026-06-03 07:41:46.313 -07:00 [INF] HTTP GET /SecureAccess.Web.styles.css responded 304 in 1.0022 ms
2026-06-03 07:41:46.315 -07:00 [INF] HTTP GET /_framework/blazor.web.js responded 304 in 0.6019 ms
2026-06-03 07:41:46.316 -07:00 [INF] HTTP GET /css/app-shell.css responded 200 in 4.0877 ms
2026-06-03 07:41:46.328 -07:00 [INF] HTTP GET /_blazor/initializers responded 200 in 1.1898 ms
2026-06-03 07:41:46.336 -07:00 [INF] HTTP POST /_blazor/negotiate responded 200 in 0.4944 ms
2026-06-03 07:41:50.080 -07:00 [INF] HTTP GET /change-password responded 200 in 9.3474 ms
2026-06-03 07:41:56.831 -07:00 [INF] HTTP POST /account/logout responded 302 in 94.9418 ms
2026-06-03 07:41:56.836 -07:00 [INF] HTTP GET /login responded 200 in 3.6789 ms
2026-06-03 07:41:56.843 -07:00 [INF] HTTP GET /_blazor responded 101 in 10501.1652 ms
2026-06-03 07:41:56.843 -07:00 [INF] HTTP POST /_blazor/disconnect responded 200 in 2.0422 ms
2026-06-03 07:41:56.857 -07:00 [INF] HTTP GET /css/app-shell.css responded 304 in 0.1935 ms
2026-06-03 07:41:56.858 -07:00 [INF] HTTP GET /_framework/blazor.web.js responded 304 in 0.1881 ms
2026-06-03 07:41:58.181 -07:00 [WRN] Compiling a query which loads related collections for more than one collection navigation, either via 'Include' or through projection, but no 'QuerySplittingBehavior' has been configured. By default, Entity Framework will use 'QuerySplittingBehavior.SingleQuery', which can potentially result in slow query performance. See https://go.microsoft.com/fwlink/?linkid=2134277 for more information. To identify the query that's triggering this warning call 'ConfigureWarnings(w => w.Throw(RelationalEventId.MultipleCollectionIncludeWarning))'.
2026-06-03 07:41:58.380 -07:00 [INF] HTTP POST /account/login responded 302 in 244.1072 ms
2026-06-03 07:41:58.385 -07:00 [INF] HTTP GET /change-password responded 200 in 1.9076 ms
2026-06-03 07:41:58.401 -07:00 [INF] HTTP GET /_framework/blazor.web.js responded 304 in 0.2666 ms
2026-06-03 07:41:58.411 -07:00 [INF] HTTP GET /_blazor/initializers responded 200 in 0.2948 ms
2026-06-03 07:41:58.421 -07:00 [INF] HTTP POST /_blazor/negotiate responded 200 in 0.4594 ms
2026-06-03 07:41:59.687 -07:00 [INF] HTTP GET /change-password responded 200 in 1.4914 ms
2026-06-03 07:42:00.840 -07:00 [INF] HTTP GET /import-export responded 200 in 2.7335 ms
2026-06-03 07:42:02.278 -07:00 [INF] HTTP GET /change-password responded 200 in 1.3552 ms
