2026-06-04 01:35:37.424 -07:00 [INF] HTTP GET /machines responded 302 in 1.2938 ms
2026-06-04 01:35:37.435 -07:00 [INF] HTTP GET /login responded 200 in 2.1710 ms
2026-06-04 01:35:39.446 -07:00 [INF] HTTP GET /_blazor responded 101 in 7522474.3923 ms
2026-06-04 01:35:39.448 -07:00 [INF] HTTP POST /_blazor/disconnect responded 200 in 1.3307 ms
2026-06-04 01:36:27.151 -07:00 [INF] HTTP POST /account/login responded 302 in 990.2617 ms
2026-06-04 01:36:27.162 -07:00 [INF] HTTP GET /machines responded 200 in 8.1256 ms
2026-06-04 01:36:27.182 -07:00 [INF] HTTP GET /css/app-shell.css responded 304 in 0.4456 ms
2026-06-04 01:36:27.182 -07:00 [INF] HTTP GET /SecureAccess.Web.styles.css responded 304 in 0.1513 ms
2026-06-04 01:36:27.186 -07:00 [INF] HTTP GET /lib/toastr/toastr.min.css responded 304 in 0.0860 ms
2026-06-04 01:36:27.186 -07:00 [INF] HTTP GET /lib/jquery/jquery.min.js responded 304 in 0.0595 ms
2026-06-04 01:36:27.186 -07:00 [INF] HTTP GET /lib/toastr/toastr.min.js responded 304 in 0.0541 ms
2026-06-04 01:36:27.186 -07:00 [INF] HTTP GET /js/toast-flash.js responded 304 in 0.0865 ms
2026-06-04 01:36:27.187 -07:00 [INF] HTTP GET /_framework/blazor.web.js responded 304 in 0.2157 ms
2026-06-04 01:36:27.204 -07:00 [INF] HTTP GET /_blazor/initializers responded 200 in 0.2807 ms
2026-06-04 01:36:27.214 -07:00 [INF] HTTP POST /_blazor/negotiate responded 200 in 0.5236 ms
2026-06-04 01:36:33.776 -07:00 [INF] HTTP GET /roles responded 200 in 7.4418 ms
2026-06-04 01:36:38.014 -07:00 [INF] HTTP GET /users responded 200 in 5.6732 ms
2026-06-04 01:36:40.323 -07:00 [INF] HTTP GET /import-export responded 200 in 1.7651 ms
2026-06-04 01:36:41.552 -07:00 [INF] HTTP GET /sessions responded 200 in 6.7037 ms
2026-06-04 01:36:42.480 -07:00 [INF] HTTP GET /audit responded 200 in 7.2288 ms
2026-06-04 01:36:44.281 -07:00 [INF] HTTP GET /reports responded 200 in 1.5772 ms
2026-06-04 01:36:45.224 -07:00 [INF] HTTP GET /templates responded 200 in 9.7589 ms
2026-06-04 01:36:45.919 -07:00 [INF] HTTP GET /bulk responded 200 in 6.3471 ms
2026-06-04 01:36:46.435 -07:00 [INF] HTTP GET /templates responded 200 in 6.1832 ms
2026-06-04 01:36:46.964 -07:00 [INF] HTTP GET /credential-types responded 200 in 3.3294 ms
2026-06-04 01:36:49.127 -07:00 [INF] HTTP GET /credentials responded 200 in 7.1248 ms
2026-06-04 01:36:51.086 -07:00 [INF] HTTP GET /machines responded 200 in 5.5911 ms
2026-06-04 01:36:51.819 -07:00 [INF] HTTP GET /clients responded 200 in 3.8208 ms
2026-06-04 01:36:53.445 -07:00 [INF] HTTP GET /request-access responded 200 in 3.6973 ms
2026-06-04 01:36:55.016 -07:00 [INF] HTTP GET / responded 200 in 25.1340 ms
2026-06-04 01:38:16.631 -07:00 [INF] HTTP GET /sessions responded 200 in 3.5642 ms
2026-06-04 01:38:18.181 -07:00 [INF] HTTP GET /import-export responded 200 in 1.2728 ms
2026-06-04 01:38:19.148 -07:00 [INF] HTTP GET /sessions responded 200 in 4.6679 ms
2026-06-04 01:38:35.259 -07:00 [INF] HTTP GET /roles responded 200 in 3.0460 ms
2026-06-04 01:38:35.666 -07:00 [INF] HTTP GET /roles responded 200 in 2.7792 ms
2026-06-04 01:38:35.841 -07:00 [INF] HTTP GET /roles responded 200 in 2.2902 ms
2026-06-04 01:38:36.019 -07:00 [INF] HTTP GET /roles responded 200 in 3.4731 ms
2026-06-04 01:38:36.171 -07:00 [INF] HTTP GET /roles responded 200 in 3.3396 ms
2026-06-04 01:38:36.395 -07:00 [INF] HTTP GET /roles responded 200 in 2.8565 ms
2026-06-04 01:38:36.788 -07:00 [INF] HTTP GET /users responded 200 in 3.1198 ms
2026-06-04 01:38:36.975 -07:00 [INF] HTTP GET /users responded 200 in 2.9433 ms
2026-06-04 01:38:37.169 -07:00 [INF] HTTP GET /users responded 200 in 3.2206 ms
2026-06-04 01:38:37.490 -07:00 [INF] HTTP GET /roles responded 200 in 2.7450 ms
2026-06-04 01:38:37.714 -07:00 [INF] HTTP GET /roles responded 200 in 2.5798 ms
2026-06-04 01:38:38.798 -07:00 [INF] HTTP GET /roles responded 200 in 2.2737 ms
2026-06-04 01:38:39.011 -07:00 [INF] HTTP GET /roles responded 200 in 3.8973 ms
2026-06-04 01:38:39.362 -07:00 [INF] HTTP GET /users responded 200 in 3.0398 ms
2026-06-04 01:38:39.554 -07:00 [INF] HTTP GET /users responded 200 in 2.8116 ms
2026-06-04 01:38:39.873 -07:00 [INF] HTTP GET /users responded 200 in 3.5652 ms
2026-06-04 01:38:40.679 -07:00 [INF] HTTP GET /import-export responded 200 in 0.9488 ms
2026-06-04 01:38:40.870 -07:00 [INF] HTTP GET /import-export responded 200 in 1.3499 ms
2026-06-04 01:38:41.072 -07:00 [INF] HTTP GET /import-export responded 200 in 1.1035 ms
2026-06-04 01:38:41.263 -07:00 [INF] HTTP GET /import-export responded 200 in 1.0783 ms
2026-06-04 01:38:41.762 -07:00 [INF] HTTP GET /sessions responded 200 in 4.5405 ms
2026-06-04 01:38:41.931 -07:00 [INF] HTTP GET /sessions responded 200 in 3.8210 ms
2026-06-04 01:38:42.387 -07:00 [INF] HTTP GET /audit responded 200 in 4.9883 ms
2026-06-04 01:38:42.575 -07:00 [INF] HTTP GET /audit responded 200 in 3.1730 ms
2026-06-04 01:38:43.449 -07:00 [INF] HTTP GET /reports responded 200 in 0.8969 ms
2026-06-04 01:38:43.632 -07:00 [INF] HTTP GET /reports responded 200 in 1.5374 ms
2026-06-04 01:38:44.380 -07:00 [INF] HTTP GET /audit responded 200 in 4.5370 ms
2026-06-04 01:38:45.130 -07:00 [INF] HTTP GET /import-export responded 200 in 1.2885 ms
2026-06-04 01:38:45.321 -07:00 [INF] HTTP GET /import-export responded 200 in 1.5601 ms
2026-06-04 01:38:45.931 -07:00 [INF] HTTP GET /bulk responded 200 in 4.1677 ms
2026-06-04 01:38:46.108 -07:00 [INF] HTTP GET /bulk responded 200 in 5.1364 ms
2026-06-04 01:38:46.298 -07:00 [INF] HTTP GET /bulk responded 200 in 5.4871 ms
2026-06-04 01:38:46.937 -07:00 [INF] HTTP GET /clients responded 200 in 3.1142 ms
2026-06-04 01:38:47.244 -07:00 [INF] HTTP GET /request-access responded 200 in 4.1385 ms
2026-06-04 01:40:24.685 -07:00 [INF] HTTP GET /clients responded 200 in 4.0312 ms
2026-06-04 01:40:27.139 -07:00 [INF] HTTP GET /clients responded 200 in 3.5666 ms
2026-06-04 01:40:27.320 -07:00 [INF] HTTP GET /clients responded 200 in 2.8021 ms
2026-06-04 01:44:46.204 -07:00 [INF] HTTP GET /request-access responded 200 in 4.4839 ms
2026-06-04 01:44:47.459 -07:00 [INF] HTTP GET /clients responded 200 in 3.3438 ms
2026-06-04 01:44:48.196 -07:00 [INF] HTTP GET /request-access responded 200 in 3.8309 ms
2026-06-04 01:44:48.977 -07:00 [INF] HTTP GET /clients responded 200 in 3.0148 ms
2026-06-04 01:44:49.596 -07:00 [INF] HTTP GET /request-access responded 200 in 4.2665 ms
2026-06-04 01:45:17.393 -07:00 [INF] HTTP GET /clients responded 200 in 3.4538 ms
2026-06-04 01:48:02.172 -07:00 [INF] HTTP GET /clients responded 200 in 5.2779 ms
2026-06-04 01:48:02.344 -07:00 [INF] HTTP GET /clients responded 200 in 2.3608 ms
2026-06-04 01:48:02.533 -07:00 [INF] HTTP GET /clients responded 200 in 1.8959 ms
2026-06-04 01:49:04.383 -07:00 [INF] HTTP GET /clients responded 200 in 2.6706 ms
2026-06-04 01:49:04.387 -07:00 [INF] HTTP GET /_blazor responded 101 in 757169.3307 ms
2026-06-04 01:49:04.396 -07:00 [INF] HTTP POST /_blazor/disconnect responded 200 in 0.6716 ms
2026-06-04 01:49:04.408 -07:00 [INF] HTTP GET /app.css responded 200 in 0.3210 ms
2026-06-04 01:49:04.409 -07:00 [INF] HTTP GET /bootstrap/bootstrap.min.css responded 200 in 4.0843 ms
2026-06-04 01:49:04.410 -07:00 [INF] HTTP GET /css/app-shell.css responded 200 in 0.3311 ms
2026-06-04 01:49:04.411 -07:00 [INF] HTTP GET /SecureAccess.Web.styles.css responded 200 in 0.2802 ms
2026-06-04 01:49:04.411 -07:00 [INF] HTTP GET /lib/toastr/toastr.min.css responded 200 in 0.1448 ms
2026-06-04 01:49:04.411 -07:00 [INF] HTTP GET /lib/jquery/jquery.min.js responded 200 in 0.5455 ms
2026-06-04 01:49:04.413 -07:00 [INF] HTTP GET /lib/toastr/toastr.min.js responded 200 in 0.1508 ms
2026-06-04 01:49:04.413 -07:00 [INF] HTTP GET /js/toast-flash.js responded 200 in 0.1659 ms
2026-06-04 01:49:04.416 -07:00 [INF] HTTP GET /_framework/blazor.web.js responded 200 in 2.8523 ms
2026-06-04 01:49:04.432 -07:00 [INF] HTTP GET /_blazor/initializers responded 200 in 0.1556 ms
2026-06-04 01:49:04.436 -07:00 [INF] HTTP GET /favicon.png responded 200 in 0.6604 ms
2026-06-04 01:49:04.438 -07:00 [INF] HTTP POST /_blazor/negotiate responded 200 in 0.2078 ms
2026-06-04 01:49:07.563 -07:00 [INF] HTTP GET /clients responded 200 in 2.0004 ms
2026-06-04 01:49:07.568 -07:00 [INF] HTTP GET /_blazor responded 101 in 3124.3147 ms
2026-06-04 01:49:07.571 -07:00 [INF] HTTP POST /_blazor/disconnect responded 200 in 0.3683 ms
2026-06-04 01:49:07.582 -07:00 [INF] HTTP GET /SecureAccess.Web.styles.css responded 304 in 0.0922 ms
2026-06-04 01:49:07.582 -07:00 [INF] HTTP GET /_framework/blazor.web.js responded 304 in 0.1761 ms
2026-06-04 01:49:07.606 -07:00 [INF] HTTP GET /_blazor/initializers responded 200 in 0.2292 ms
2026-06-04 01:49:07.614 -07:00 [INF] HTTP POST /_blazor/negotiate responded 200 in 0.2128 ms
2026-06-04 01:49:08.062 -07:00 [INF] HTTP GET /clients responded 200 in 3.6830 ms
2026-06-04 01:49:08.067 -07:00 [INF] HTTP GET /_blazor responded 101 in 445.5989 ms
2026-06-04 01:49:08.075 -07:00 [INF] HTTP POST /_blazor/disconnect responded 200 in 0.3442 ms
2026-06-04 01:49:08.083 -07:00 [INF] HTTP GET /_framework/blazor.web.js responded 304 in 0.2151 ms
2026-06-04 01:49:08.094 -07:00 [INF] HTTP GET /_blazor/initializers responded 200 in 0.1975 ms
2026-06-04 01:49:08.101 -07:00 [INF] HTTP POST /_blazor/negotiate responded 200 in 0.3666 ms
2026-06-04 01:49:08.294 -07:00 [INF] HTTP GET /clients responded 200 in 2.7424 ms
2026-06-04 01:49:08.298 -07:00 [INF] HTTP GET /_blazor responded 101 in 191.3208 ms
2026-06-04 01:49:08.304 -07:00 [INF] HTTP POST /_blazor/disconnect responded 200 in 0.4611 ms
2026-06-04 01:49:08.312 -07:00 [INF] HTTP GET /_framework/blazor.web.js responded 304 in 0.2070 ms
2026-06-04 01:49:08.317 -07:00 [INF] HTTP GET /_blazor/initializers responded 200 in 0.2157 ms
2026-06-04 01:49:08.329 -07:00 [INF] HTTP POST /_blazor/negotiate responded 200 in 0.2595 ms
2026-06-04 01:49:08.900 -07:00 [INF] HTTP GET /machines responded 200 in 4.4938 ms
2026-06-04 01:49:09.312 -07:00 [INF] HTTP GET /clients responded 200 in 3.1450 ms
2026-06-04 01:49:21.255 -07:00 [INF] HTTP GET /_blazor responded 101 in 12921.7419 ms
2026-06-04 01:49:21.255 -07:00 [INF] Application is shutting down...
